// Vitest Snapshot v1, https://vitest.dev/guide/snapshot.html

exports[`F.7 — CLI table/tree pretty-print regression (Wave 0 §7) > CliRender_VwLs_TreeOrJsonPath_StableSnapshot 1`] = `
{
  "stderr": "<<perf>>",
  "stdout": "workflows:
total: 0
unscopedTotal: 0
page:
  total: 0
  offset: 0
  limit: 10
  hasMore: false
scope: repo
",
}
`;

exports[`F.7 — CLI table/tree pretty-print regression (Wave 0 §7) > CliRender_WfDescribeActionInit_TreeOrInferredPath_StableSnapshot 1`] = `
{
  "stderr": "<<perf>>",
  "stdout": "init:
  description: Initialize a new workflow. Auto-emits workflow.started event. For workflowType=oneshot, an optional synthesisPolicy (always | never | on-request) seeds state.oneshot.synthesisPolicy; silently ignored for other workflow types.
  schema:
    $schema: https://json-schema.org/draft/2020-12/schema
    type: object
    properties:
      featureId:
        type: string
        minLength: 1
        pattern: ^[a-z0-9-]+$
      workflowType:
        type: string
      synthesisPolicy:
        type: string
        enum:
          - always
          - never
          - on-request
    required:
      - featureId
      - workflowType
    additionalProperties: false
  gate: null
  phases:
  roles:
    - lead
  autoEmits:
    event: workflow.started
    condition: always
  economyBudgetTokens: 2000
  outputSchema:
    $schema: https://json-schema.org/draft/2020-12/schema
    oneOf:
      type: object
      properties:
        success:
          [...]
        data:
          [...]
        next_actions:
          [...]
        _meta:
          [...]
        _perf:
          [...]
        _eventHints:
          [...]
        _cacheHints:
          [...]
        warnings:
          [...]
        _corrections:
          [...]
      required:
        - success
        - data
        - next_actions
        - _meta
        - _perf
      additionalProperties: false
      type: object
      properties:
        success:
          [...]
        error:
          [...]
        _meta:
          [...]
        _perf:
          [...]
        warnings:
          [...]
        _corrections:
          [...]
      required:
        - success
        - error
        - _meta
        - _perf
      additionalProperties: false
  outputSchemaJson:
    $schema: https://json-schema.org/draft/2020-12/schema
    oneOf:
      type: object
      properties:
        success:
          [...]
        data:
          [...]
        next_actions:
          [...]
        _meta:
          [...]
        _perf:
          [...]
        _eventHints:
          [...]
        _cacheHints:
          [...]
        warnings:
          [...]
        _corrections:
          [...]
      required:
        - success
        - data
        - next_actions
        - _meta
        - _perf
      additionalProperties: false
      type: object
      properties:
        success:
          [...]
        error:
          [...]
        _meta:
          [...]
        _perf:
          [...]
        warnings:
          [...]
        _corrections:
          [...]
      required:
        - success
        - error
        - _meta
        - _perf
      additionalProperties: false
",
}
`;
