// Vitest Snapshot v1, https://vitest.dev/guide/snapshot.html

exports[`resolveEffectiveCatalog — dev-catalog characterization (T0) > resolveEffectiveCatalog_DevCatalogEnabled_GoldenSnapshot 1`] = `
[
  {
    "id": "INV-10",
    "integrityClass": undefined,
  },
  {
    "id": "INV-12",
    "integrityClass": undefined,
  },
  {
    "id": "INV-15",
    "integrityClass": undefined,
  },
  {
    "id": "INV-5b",
    "integrityClass": undefined,
  },
  {
    "id": "INV-5c",
    "integrityClass": undefined,
  },
  {
    "id": "INV-7",
    "integrityClass": undefined,
  },
  {
    "id": "INV-8",
    "integrityClass": undefined,
  },
  {
    "id": "INV-9",
    "integrityClass": undefined,
  },
]
`;
